// Jest Snapshot v1, https://goo.gl/fbAQLP

exports[`Icon FormExample should render properly 1`] = `
<svg
  className="apoloUI-icon"
>
  <use
    xlinkHref="#qq"
  />
</svg>
`;
