// Jest Snapshot v1, https://goo.gl/fbAQLP

exports[`Layout component should match snapshot 1`] = `
<div
  className="apoloUI-layout hello"
/>
`;
